Microchip MPLAB XC8 Compiler V2.36

Linker command line:

-W-3 --edf=C:\Program Files\Microchip\xc8\v2.36\pic\dat\en_msgs.txt -cn \
  -h+dist/default/production\lab09_pre.X.production.sym \
  --cmf=dist/default/production\lab09_pre.X.production.cmf -z -Q16F887 \
  -oC:\Users\gerar\AppData\Local\Temp\xcAseu4.4 --defsym=__MPLAB_BUILD=1 \
  -Mdist/default/production/lab09_pre.X.production.map \
  --md=C:\Users\gerar\AppData\Local\Temp\xcAseu4.dat -E1 -ver=XC8 Compiler \
  --acfsm=1493 -ACODE=00h-07FFhx4 -ASTRCODE=00h-01FFFh -ASTRING=00h-0FFhx32 \
  -ACONST=00h-0FFhx32 -AENTRY=00h-0FFhx32 -ACOMMON=070h-07Fh \
  -ABANK0=020h-06Fh -ABANK1=0A0h-0EFh -ABANK2=0110h-016Fh \
  -ABANK3=0190h-01EFh -ARAM=020h-06Fh,0A0h-0EFh,0110h-016Fh,0190h-01EFh \
  -AABS1=020h-07Fh,0A0h-0EFh,0110h-016Fh,0190h-01EFh -ASFR0=00h-01Fh \
  -ASFR1=080h-09Fh -ASFR2=0100h-010Fh -ASFR3=0180h-018Fh \
  -ACONFIG=02007h-02008h -DCONFIG=2 -AIDLOC=02000h-02003h -DIDLOC=2 \
  -AEEDATA=00h-0FFh/02100h -peeprom_data=EEDATA -DEEDATA=2 -DCODE=2 \
  -DSTRCODE=2 -DSTRING=2 -DCONST=2 -DENTRY=2 \
  -preset_vec=00h,intentry=04h,init,end_init -ppowerup=CODE -pcinit=CODE \
  -pfunctab=ENTRY -k C:\Users\gerar\AppData\Local\Temp\xcAseu4.o \
  dist/default/production\lab09_pre.X.production.o 

Object code version is 3.11

Machine type is 16F887



                Name                               Link     Load   Length Selector   Space Scale
C:\Users\gerar\AppData\Local\Temp\xcAseu4.o
                end_init                             10       10        3        8       0
                reset_vec                             0        0        3        0       0
                config                             2007     2007        2        0       4
                idloc                              2000     2000        4        0       5
dist/default/production\lab09_pre.X.production.o
                cinit                                13       13        8        8       0
                intentry                              4        4        C        8       0
                config                             2007     2007        2        0       4
                idloc                              2000     2000        4        0       5
                text15                              37C      37C      288        8       0
                text14                              F33      F33       27     1E66       0
                text13                               1B       1B      361        8       0
                text12                              751      751       7C        8       0
                text11                              F5A      F5A       44     1EB4       0
                text10                              604      604       BC        8       0
                text9                               6C0      6C0       91        8       0
                text8                               F9E      F9E       62     1F3C       0
                text7                               EE1      EE1        8     1DC2       0
                text6                               F07      F07        D     1E0E       0
                text5                               F21      F21       12     1E42       0
                text4                               F14      F14        D     1E28       0
                text3                               EE9      EE9        9     1DD2       0
                text2                               EF2      EF2        9     1DE4       0
                text1                               EFB      EFB        C     1DF6       0
                maintext                            7CD      7CD       30        8       0
                cstackBANK0                          20       20       4C       20       1
                cstackCOMMON                         70       70        E       70       1
                cstackBANK1                          A0       A0        5       A0       1
                bssBANK0                             6C       6C        2       20       1

TOTAL           Name                               Link     Load   Length     Space
        CLASS   CODE           
                end_init                             10       10        3         0
                cinit                                13       13        8         0
                intentry                              4        4        C         0
                reset_vec                             0        0        3         0
                text15                              37C      37C      288         0
                text14                              F33      F33       27         0
                text13                               1B       1B      361         0
                text12                              751      751       7C         0
                text11                              F5A      F5A       44         0
                text10                              604      604       BC         0
                text9                               6C0      6C0       91         0
                text8                               F9E      F9E       62         0
                text7                               EE1      EE1        8         0
                text6                               F07      F07        D         0
                text5                               F21      F21       12         0
                text4                               F14      F14        D         0
                text3                               EE9      EE9        9         0
                text2                               EF2      EF2        9         0
                text1                               EFB      EFB        C         0
                maintext                            7CD      7CD       30         0

        CLASS   STRCODE        

        CLASS   STRING         

        CLASS   CONST          

        CLASS   ENTRY          

        CLASS   COMMON         
                cstackCOMMON                         70       70        E         1

        CLASS   BANK0          
                cstackBANK0                          20       20       4C         1
                bssBANK0                             6C       6C        2         1

        CLASS   BANK1          
                cstackBANK1                          A0       A0        5         1

        CLASS   BANK2          

        CLASS   BANK3          

        CLASS   RAM            

        CLASS   ABS1           
                abs_s1                               7E       7E        2         1

        CLASS   SFR0           

        CLASS   SFR1           

        CLASS   SFR2           

        CLASS   SFR3           

        CLASS   CONFIG         
                config                             2007     2007        2         4

        CLASS   IDLOC          
                idloc                              2000     2000        4         5

        CLASS   EEDATA         

        CLASS   STACK          



SEGMENTS        Name                           Load    Length   Top    Selector   Space  Class     Delta

                reset_vec                      000000  000003  000003         0       0  CODE        2
                intentry                       000004  0007F9  0007FD         8       0  CODE        2
                cstackBANK0                    000020  00004E  00006E        20       1  BANK0       1
                cstackCOMMON                   000070  00000E  00007E        70       1  COMMON      1
                cstackBANK1                    0000A0  000005  0000A5        A0       1  BANK1       1
                text7                          000EE1  000008  000EE9      1DC2       0  CODE        2
                text3                          000EE9  000009  000EF2      1DD2       0  CODE        2
                text2                          000EF2  000009  000EFB      1DE4       0  CODE        2
                text1                          000EFB  00000C  000F07      1DF6       0  CODE        2
                text6                          000F07  00000D  000F14      1E0E       0  CODE        2
                text4                          000F14  00000D  000F21      1E28       0  CODE        2
                text5                          000F21  000012  000F33      1E42       0  CODE        2
                text14                         000F33  000027  000F5A      1E66       0  CODE        2
                text11                         000F5A  000044  000F9E      1EB4       0  CODE        2
                text8                          000F9E  000062  001000      1F3C       0  CODE        2


UNUSED ADDRESS RANGES

        Name                Unused          Largest block    Delta
        BANK0            006E-006F              2           1
        BANK1            00A5-00EF             4B           1
        BANK2            0110-016F             60           1
        BANK3            0190-01EF             60           1
        CODE             0003-0003              1           2
                         07FD-0EE0              3
                         1000-1FFF            800
        CONST            0003-0003              1           2
                         07FD-0EE0            100
                         1000-1FFF            100
        EEDATA           2100-21FF            100           2
        ENTRY            0003-0003              1           2
                         07FD-0EE0            100
                         1000-1FFF            100
        RAM              006E-006F              2           1
                         00A5-00EF             4B
                         0110-016F             60
                         0190-01EF             60
        SFR0             0000-001F             20           1
        SFR1             0080-009F             20           1
        SFR2             0100-010F             10           1
        SFR3             0180-018F             10           1
        STRCODE          0003-0003              1           2
                         07FD-0EE0            6E4
                         1000-1FFF           1000
        STRING           0003-0003              1           2
                         07FD-0EE0            100
                         1000-1FFF            100

                                  Symbol Table

?__Umul8_16              cstackCOMMON 0070
?___fladd                cstackBANK0  0044
?___flmul                cstackBANK0  002A
?___fltol                cstackBANK0  0058
?___lwdiv                cstackCOMMON 0070
?___xxtofl               cstackCOMMON 0078
?_map                    cstackBANK0  0061
_ADCON0bits              (abs)        001F
_ADCON1bits              (abs)        009F
_ADRESH                  (abs)        001E
_ANSEL                   (abs)        0188
_ANSELH                  (abs)        0189
_CCP1CON                 (abs)        0017
_CCP1CONbits             (abs)        0017
_CCPR                    bssBANK0     006C
_CCPR1L                  (abs)        0015
_INTCONbits              (abs)        000B
_OSCCONbits              (abs)        008F
_PIE1bits                (abs)        008C
_PIR1bits                (abs)        000C
_PORTA                   (abs)        0005
_PR2                     (abs)        0092
_T2CONbits               (abs)        0012
_TRISA                   (abs)        0085
_TRISCbits               (abs)        0087
__Habs1                  abs1         0000
__Hbank0                 bank0        0000
__Hbank1                 bank1        0000
__Hbank2                 bank2        0000
__Hbank3                 bank3        0000
__HbssBANK0              bssBANK0     0000
__Hcinit                 cinit        001B
__Hclrtext               clrtext      0000
__Hcode                  code         0000
__Hcommon                common       0000
__Hconfig                config       2009
__HcstackBANK0           cstackBANK0  0000
__HcstackBANK1           cstackBANK1  0000
__HcstackCOMMON          cstackCOMMON 0000
__Heeprom_data           eeprom_data  0000
__Hend_init              end_init     0013
__Hfunctab               functab      0000
__Hidloc                 idloc        2004
__Hinit                  init         0010
__Hintentry              intentry     0010
__Hmaintext              maintext     0000
__Hpowerup               powerup      0000
__Hram                   ram          0000
__Hreset_vec             reset_vec    0003
__Hsfr0                  sfr0         0000
__Hsfr1                  sfr1         0000
__Hsfr2                  sfr2         0000
__Hsfr3                  sfr3         0000
__Hspace_0               (abs)        1000
__Hspace_1               (abs)        00A5
__Hspace_2               (abs)        0000
__Hspace_3               (abs)        0000
__Hspace_4               (abs)        4010
__Hstack                 stack        0000
__Hstrings               strings      0000
__Htext                  text         0000
__Labs1                  abs1         0000
__Lbank0                 bank0        0000
__Lbank1                 bank1        0000
__Lbank2                 bank2        0000
__Lbank3                 bank3        0000
__LbssBANK0              bssBANK0     0000
__Lcinit                 cinit        0013
__Lclrtext               clrtext      0000
__Lcode                  code         0000
__Lcommon                common       0000
__Lconfig                config       0000
__LcstackBANK0           cstackBANK0  0000
__LcstackBANK1           cstackBANK1  0000
__LcstackCOMMON          cstackCOMMON 0000
__Leeprom_data           eeprom_data  0000
__Lend_init              end_init     0010
__Lfunctab               functab      0000
__Lidloc                 idloc        0000
__Linit                  init         0010
__Lintentry              intentry     0004
__Lmaintext              maintext     0000
__Lpowerup               powerup      0000
__Lram                   ram          0000
__Lreset_vec             reset_vec    0000
__Lsfr0                  sfr0         0000
__Lsfr1                  sfr1         0000
__Lsfr2                  sfr2         0000
__Lsfr3                  sfr3         0000
__Lspace_0               (abs)        0000
__Lspace_1               (abs)        0000
__Lspace_2               (abs)        0000
__Lspace_3               (abs)        0000
__Lspace_4               (abs)        0000
__Lstack                 stack        0000
__Lstrings               strings      0000
__Ltext                  text         0000
__S0                     (abs)        1000
__S1                     (abs)        00A5
__S3                     (abs)        0000
__Umul8_16               text14       0F33
__Umul8_16@multiplicand  cstackCOMMON 0070
__Umul8_16@multiplier    cstackCOMMON 0078
__Umul8_16@product       cstackCOMMON 0074
__Umul8_16@word_mpld     cstackCOMMON 0076
___fladd                 text15       037C
___fladd@a               cstackBANK0  0048
___fladd@aexp            cstackBANK0  0055
___fladd@b               cstackBANK0  0044
___fladd@bexp            cstackBANK0  0056
___fladd@grs             cstackBANK0  0057
___fladd@signs           cstackBANK0  0054
___flmul                 text13       001B
___flmul@a               cstackBANK0  002E
___flmul@aexp            cstackBANK0  003C
___flmul@b               cstackBANK0  002A
___flmul@bexp            cstackBANK0  003D
___flmul@grs             cstackBANK0  0038
___flmul@prod            cstackBANK0  003E
___flmul@sign            cstackBANK0  0037
___flmul@temp            cstackBANK0  0042
___fltol                 text12       0751
___fltol@exp1            cstackCOMMON 007D
___fltol@f1              cstackBANK0  0058
___fltol@sign1           cstackCOMMON 007C
___int_sp                stack        0000
___latbits               (abs)        0002
___lwdiv                 text11       0F5A
___lwdiv@counter         cstackCOMMON 0077
___lwdiv@dividend        cstackCOMMON 0072
___lwdiv@divisor         cstackCOMMON 0070
___lwdiv@quotient        cstackCOMMON 0075
___sp                    stack        0000
___stackhi               (abs)        0000
___stacklo               (abs)        0000
___xxtofl                text10       0604
___xxtofl@arg            cstackBANK0  0026
___xxtofl@exp            cstackBANK0  0025
___xxtofl@sign           cstackBANK0  0024
___xxtofl@val            cstackCOMMON 0078
__end_of__Umul8_16       text14       0F5A
__end_of___fladd         text15       0604
__end_of___flmul         text13       037C
__end_of___fltol         text12       07CD
__end_of___lwdiv         text11       0F9E
__end_of___xxtofl        text10       06C0
__end_of__initialization cinit        0017
__end_of_clk             text7        0EE9
__end_of_isr             text8        1000
__end_of_main            maintext     07FD
__end_of_map             text9        0751
__end_of_setup           text6        0F14
__end_of_setup_adc       text5        0F33
__end_of_setup_ccp       text4        0F21
__end_of_setup_int       text3        0EF2
__end_of_setup_pwm       text2        0EFB
__end_of_timer2          text1        0F07
__initialization         cinit        0013
__pbssBANK0              bssBANK0     006C
__pcstackBANK0           cstackBANK0  0020
__pcstackBANK1           cstackBANK1  00A0
__pcstackCOMMON          cstackCOMMON 0070
__pintentry              intentry     0004
__pmaintext              maintext     07CD
__ptext1                 text1        0EFB
__ptext10                text10       0604
__ptext11                text11       0F5A
__ptext12                text12       0751
__ptext13                text13       001B
__ptext14                text14       0F33
__ptext15                text15       037C
__ptext2                 text2        0EF2
__ptext3                 text3        0EE9
__ptext4                 text4        0F14
__ptext5                 text5        0F21
__ptext6                 text6        0F07
__ptext7                 text7        0EE1
__ptext8                 text8        0F9E
__ptext9                 text9        06C0
_clk                     text7        0EE1
_isr                     text8        0F9E
_main                    maintext     07CD
_map                     text9        06C0
_setup                   text6        0F07
_setup_adc               text5        0F21
_setup_ccp               text4        0F14
_setup_int               text3        0EE9
_setup_pwm               text2        0EF2
_timer2                  text1        0EFB
btemp                    (abs)        007E
end_of_initialization    cinit        0017
interrupt_function       intentry     0004
intlevel0                functab      0000
intlevel1                functab      0000
intlevel2                functab      0000
intlevel3                functab      0000
intlevel4                functab      0000
intlevel5                functab      0000
map@x                    cstackBANK0  006B
map@x0                   cstackBANK0  0061
map@x1                   cstackBANK0  0062
map@y0                   cstackBANK0  0063
map@y1                   cstackBANK0  0065
reset_vec                reset_vec    0000
saved_w                  (abs)        007E
start                    init         0010
start_initialization     cinit        0013
wtemp0                   (abs)        007E


MODULE INFORMATION

Module		Function		Class		Link	Load	Size
C:\Program Files\Microchip\xc8\v2.36\pic\sources\c90\common\lwdiv.c
		___lwdiv       		CODE           	0F5A	0000	68

C:\Program Files\Microchip\xc8\v2.36\pic\sources\c90\common\lwdiv.c estimated size: 68

C:\Program Files\Microchip\xc8\v2.36\pic\sources\c90\common\sprcmul.c
		___flmul       		CODE           	001B	0000	865

C:\Program Files\Microchip\xc8\v2.36\pic\sources\c90\common\sprcmul.c estimated size: 865

C:\Program Files\Microchip\xc8\v2.36\pic\sources\c90\common\fltol.c
		___fltol       		CODE           	0751	0000	124

C:\Program Files\Microchip\xc8\v2.36\pic\sources\c90\common\fltol.c estimated size: 124

shared
		__initialization		CODE           	0013	0000	4

shared estimated size: 4

lab09_pre_pgr.c
		_clk           		CODE           	0EE1	0000	8
		_map           		CODE           	06C0	0000	145
		_setup_adc     		CODE           	0F21	0000	18
		_main          		CODE           	07CD	0000	48
		_setup_pwm     		CODE           	0EF2	0000	9
		_isr           		CODE           	0F9E	0000	98
		_setup_ccp     		CODE           	0F14	0000	13
		_setup_int     		CODE           	0EE9	0000	9
		_timer2        		CODE           	0EFB	0000	12
		_setup         		CODE           	0F07	0000	13

lab09_pre_pgr.c estimated size: 373

C:\Program Files\Microchip\xc8\v2.36\pic\sources\c90\common\xxtofl.c
		___xxtofl      		CODE           	0604	0000	188

C:\Program Files\Microchip\xc8\v2.36\pic\sources\c90\common\xxtofl.c estimated size: 188

C:\Program Files\Microchip\xc8\v2.36\pic\sources\c90\common\sprcadd.c
		___fladd       		CODE           	037C	0000	648

C:\Program Files\Microchip\xc8\v2.36\pic\sources\c90\common\sprcadd.c estimated size: 648

C:\Program Files\Microchip\xc8\v2.36\pic\sources\c90\common\Umul8_16.c
		__Umul8_16     		CODE           	0F33	0000	39

C:\Program Files\Microchip\xc8\v2.36\pic\sources\c90\common\Umul8_16.c estimated size: 39

